--------------------------------------------------------------------------------
Release 10.1.03 Trace  (lin64)
Copyright (c) 1995-2008 Xilinx, Inc.  All rights reserved.

/afs/csail.mit.edu/proj/redsocs/Xilinx10.1/ISE/bin/lin64/unwrapped/trce -ise
/afs/athena.mit.edu/user/m/o/mohamoud/6.111/project/simulations/soud_v1/soud_v1.ise
-intstyle ise -v 3 -s 4 -xml lab5 lab5.ncd -o lab5.twr lab5.pcf -ucf
/afs/athena.mit.edu/user/m/o/mohamoud/6.111/lab5/labkit.ucf

Design file:              lab5.ncd
Physical constraint file: lab5.pcf
Device,package,speed:     xc2v6000,bf957,-4 (PRODUCTION 1.121 2008-07-25, STEPPING level 0)
Report level:             verbose report

Environment Variable      Effect 
--------------------      ------ 
NONE                      No environment variables were set
--------------------------------------------------------------------------------

INFO:Timing:2698 - No timing constraints found, doing default enumeration.
INFO:Timing:2752 - To get complete path coverage, use the unconstrained paths 
   option. All paths that are not constrained will be reported in the 
   unconstrained paths section(s) of the report.
INFO:Timing:3339 - The clock-to-out numbers in this timing report are based on 
   a 50 Ohm transmission line loading model.  For the details of this model, 
   and for more information on accounting for different loading conditions, 
   please see the device datasheet.



Data Sheet report:
-----------------
All values displayed in nanoseconds (ns)

Setup/Hold to clock ac97_bit_clock
-------------+------------+------------+--------------------+--------+
             |  Setup to  |  Hold to   |                    | Clock  |
Source       | clk (edge) | clk (edge) |Internal Clock(s)   | Phase  |
-------------+------------+------------+--------------------+--------+
ac97_sdata_in|   -1.971(F)|    2.243(F)|analyzer1_clock_OBUF|   0.000|
-------------+------------+------------+--------------------+--------+

Setup/Hold to clock clock_27mhz
------------+------------+------------+------------------+--------+
            |  Setup to  |  Hold to   |                  | Clock  |
Source      | clk (edge) | clk (edge) |Internal Clock(s) | Phase  |
------------+------------+------------+------------------+--------+
button_down |    2.779(R)|   -1.510(R)|clock_27mhz_BUFGP |   0.000|
button_enter|    3.066(R)|   -1.263(R)|clock_27mhz_BUFGP |   0.000|
button_up   |    3.026(R)|   -0.940(R)|clock_27mhz_BUFGP |   0.000|
switch<0>   |    5.639(R)|   -1.668(R)|clock_27mhz_BUFGP |   0.000|
------------+------------+------------+------------------+--------+

Clock ac97_bit_clock to Pad
------------------+------------+--------------------+--------+
                  | clk (edge) |                    | Clock  |
Destination       |   to PAD   |Internal Clock(s)   | Phase  |
------------------+------------+--------------------+--------+
ac97_sdata_out    |   13.631(R)|analyzer1_clock_OBUF|   0.000|
ac97_synch        |   14.197(R)|analyzer1_clock_OBUF|   0.000|
analyzer1_data<1> |   18.694(R)|analyzer1_clock_OBUF|   0.000|
analyzer1_data<3> |   18.595(R)|analyzer1_clock_OBUF|   0.000|
analyzer3_data<8> |   18.098(F)|analyzer1_clock_OBUF|   0.000|
analyzer3_data<9> |   18.406(F)|analyzer1_clock_OBUF|   0.000|
analyzer3_data<10>|   15.478(F)|analyzer1_clock_OBUF|   0.000|
analyzer3_data<11>|   16.022(F)|analyzer1_clock_OBUF|   0.000|
analyzer3_data<12>|   15.565(F)|analyzer1_clock_OBUF|   0.000|
analyzer3_data<13>|   17.496(F)|analyzer1_clock_OBUF|   0.000|
analyzer3_data<14>|   17.187(F)|analyzer1_clock_OBUF|   0.000|
analyzer3_data<15>|   16.797(F)|analyzer1_clock_OBUF|   0.000|
------------------+------------+--------------------+--------+

Clock clock_27mhz to Pad
-----------------+------------+------------------+--------+
                 | clk (edge) |                  | Clock  |
Destination      |   to PAD   |Internal Clock(s) | Phase  |
-----------------+------------+------------------+--------+
analyzer1_data<0>|   13.760(R)|clock_27mhz_BUFGP |   0.000|
analyzer3_clock  |   14.199(R)|clock_27mhz_BUFGP |   0.000|
analyzer3_data<0>|    8.566(R)|clock_27mhz_BUFGP |   0.000|
analyzer3_data<1>|    8.549(R)|clock_27mhz_BUFGP |   0.000|
analyzer3_data<2>|    8.558(R)|clock_27mhz_BUFGP |   0.000|
analyzer3_data<3>|    8.616(R)|clock_27mhz_BUFGP |   0.000|
analyzer3_data<4>|    8.620(R)|clock_27mhz_BUFGP |   0.000|
analyzer3_data<5>|    8.656(R)|clock_27mhz_BUFGP |   0.000|
analyzer3_data<6>|    8.608(R)|clock_27mhz_BUFGP |   0.000|
analyzer3_data<7>|    8.606(R)|clock_27mhz_BUFGP |   0.000|
audio_reset_b    |   12.651(R)|clock_27mhz_BUFGP |   0.000|
led<0>           |   15.941(R)|clock_27mhz_BUFGP |   0.000|
led<1>           |   15.518(R)|clock_27mhz_BUFGP |   0.000|
led<2>           |   13.885(R)|clock_27mhz_BUFGP |   0.000|
led<3>           |   14.739(R)|clock_27mhz_BUFGP |   0.000|
led<4>           |   14.685(R)|clock_27mhz_BUFGP |   0.000|
led<5>           |   12.796(R)|clock_27mhz_BUFGP |   0.000|
led<6>           |   12.637(R)|clock_27mhz_BUFGP |   0.000|
led<7>           |   10.859(R)|clock_27mhz_BUFGP |   0.000|
-----------------+------------+------------------+--------+

Clock to Setup on destination clock ac97_bit_clock
---------------+---------+---------+---------+---------+
               | Src:Rise| Src:Fall| Src:Rise| Src:Fall|
Source Clock   |Dest:Rise|Dest:Rise|Dest:Fall|Dest:Fall|
---------------+---------+---------+---------+---------+
ac97_bit_clock |    8.516|         |    7.306|    3.705|
clock_27mhz    |    3.296|         |         |         |
---------------+---------+---------+---------+---------+

Clock to Setup on destination clock clock_27mhz
---------------+---------+---------+---------+---------+
               | Src:Rise| Src:Fall| Src:Rise| Src:Fall|
Source Clock   |Dest:Rise|Dest:Rise|Dest:Fall|Dest:Fall|
---------------+---------+---------+---------+---------+
ac97_bit_clock |    3.526|    4.196|         |         |
clock_27mhz    |    7.445|         |         |         |
---------------+---------+---------+---------+---------+

Pad to Pad
---------------+-----------------+---------+
Source Pad     |Destination Pad  |  Delay  |
---------------+-----------------+---------+
ac97_bit_clock |analyzer1_clock  |   17.015|
ac97_sdata_in  |analyzer1_data<2>|   14.661|
button_enter   |led<6>           |   14.495|
---------------+-----------------+---------+


Analysis completed Sun Dec 11 22:50:36 2016 
--------------------------------------------------------------------------------

Trace Settings:
-------------------------
Trace Settings 

Peak Memory Usage: 340 MB



